05/20/25  adding additional pkgs 
sudo apt-get install autoconf automake autotools-dev curl python3 python3-pip python3-tomli \
libmpc-dev libmpfr-dev libgmp-dev gawk build-essential bison flex texinfo gperf libtool \
patchutils bc zlib1g-dev libexpat-dev ninja-build git cmake libglib2.0-dev libslirp-dev

devel@pi5-90:~/riscv-gnu-toolchain $ ./configure --prefix=/home/devel/2nd/riscv --with-arch=rv32gc --with-abi=ilp32d

devel@pi5-90:~/riscv-gnu-toolchain $ make clean
drwxr-xr-x  7 devel devel  4096 May 20 15:49 riscv
devel@pi5-90:~/riscv-gnu-toolchain $ make linux

devel@pi5-90:~ $ ls 2nd/riscv/bin/
riscv32-unknown-linux-gnu-addr2line  riscv32-unknown-linux-gnu-gcc-14.2.0     riscv32-unknown-linux-gnu-gfortran  riscv32-unknown-linux-gnu-ranlib
riscv32-unknown-linux-gnu-ar         riscv32-unknown-linux-gnu-gcc-ar         riscv32-unknown-linux-gnu-gprof     riscv32-unknown-linux-gnu-readelf
riscv32-unknown-linux-gnu-as         riscv32-unknown-linux-gnu-gcc-nm         riscv32-unknown-linux-gnu-gstack    riscv32-unknown-linux-gnu-run
riscv32-unknown-linux-gnu-c++        riscv32-unknown-linux-gnu-gcc-ranlib     riscv32-unknown-linux-gnu-ld        riscv32-unknown-linux-gnu-size
riscv32-unknown-linux-gnu-c++filt    riscv32-unknown-linux-gnu-gcov           riscv32-unknown-linux-gnu-ld.bfd    riscv32-unknown-linux-gnu-strings
riscv32-unknown-linux-gnu-cpp        riscv32-unknown-linux-gnu-gcov-dump      riscv32-unknown-linux-gnu-lto-dump  riscv32-unknown-linux-gnu-strip
riscv32-unknown-linux-gnu-elfedit    riscv32-unknown-linux-gnu-gcov-tool      riscv32-unknown-linux-gnu-nm
riscv32-unknown-linux-gnu-g++        riscv32-unknown-linux-gnu-gdb            riscv32-unknown-linux-gnu-objcopy
riscv32-unknown-linux-gnu-gcc        riscv32-unknown-linux-gnu-gdb-add-index  riscv32-unknown-linux-gnu-objdump

devel@pi5-90:~ $ ls 2nd/riscv/
bin  include  lib  libexec  riscv32-unknown-linux-gnu  share  sysroot
devel@pi5-90:~ $ less 2nd/riscv/sysroot/usr/include/gnu/stubs.h
/* This file is automatically generated.
   This file selects the right generated file of `__stub_FUNCTION' macros
   based on the architecture being compiled for.  */

#include <bits/wordsize.h>

#if __WORDSIZE == 32 && defined __riscv_float_abi_soft
# include <gnu/stubs-ilp32.h>
#endif
#if __WORDSIZE == 32 && defined __riscv_float_abi_double
# include <gnu/stubs-ilp32d.h>
#endif
#if __WORDSIZE == 64 && defined __riscv_float_abi_soft
# include <gnu/stubs-lp64.h>
#endif
#if __WORDSIZE == 64 && defined __riscv_float_abi_double
# include <gnu/stubs-lp64d.h>
#endif

devel@pi5-90:~ $ less 2nd/riscv/sysroot/usr/include/gnu/stubs-ilp32d.h
/* This file is automatically generated.
   It defines a symbol `__stub_FUNCTION' for each function
   in the C library which is a stub, meaning it will fail
   every time called, usually setting errno to ENOSYS.  */

#ifdef _LIBC
 #error Applications may not define the macro _LIBC
#endif

#define __stub___compat_bdflush
#define __stub___compat_create_module
#define __stub___compat_get_kernel_syms
#define __stub___compat_query_module
#define __stub___compat_uselib
#define __stub_chflags
#define __stub_fchflags
#define __stub_fedisableexcept
#define __stub_feenableexcept
#define __stub_fegetexcept
#define __stub_gtty
#define __stub_revoke
#define __stub_setlogin
#define __stub_sigreturn
#define __stub_stty

devel@pi5-90:~/PipelineC/examples/pico-ice/ice_makefile_pipelinec/risc-v $ make hex
riscv32-unknown-linux-gnu-gcc -O3 bootstrap.S main.c -lm -o main -march=rv32i -mabi=ilp32 -mstrict-align -nostartfiles -T link.ld
In file included from /home/devel/2nd/riscv/sysroot/usr/include/features.h:548,
                 from /home/devel/2nd/riscv/sysroot/usr/include/bits/libc-header-start.h:33,
                 from /home/devel/2nd/riscv/sysroot/usr/include/stdint.h:26,
                 from /home/devel/2nd/riscv/lib/gcc/riscv32-unknown-linux-gnu/14.2.0/include/stdint.h:9,
                 from main.c:1:
/home/devel/2nd/riscv/sysroot/usr/include/gnu/stubs.h:8:11: fatal error: gnu/stubs-ilp32.h: No such file or directory
    8 | # include <gnu/stubs-ilp32.h>
      |           ^~~~~~~~~~~~~~~~~~~
compilation terminated.
make: *** [Makefile:9: all] Error 1
